[0m12:35:44.505095 [debug] [MainThread]: Sending event: {'category': 'dbt', 'action': 'invocation', 'label': 'start', 'context': [<snowplow_tracker.self_describing_json.SelfDescribingJson object at 0x000001D0DDEF7770>, <snowplow_tracker.self_describing_json.SelfDescribingJson object at 0x000001D0DF34FD90>, <snowplow_tracker.self_describing_json.SelfDescribingJson object at 0x000001D0DF34F9D0>]}


============================== 12:35:44.509049 | 8e398136-99ec-48ce-905f-c26ccce32d3b ==============================
[0m12:35:44.509049 [info ] [MainThread]: Running with dbt=1.11.7
[0m12:35:44.509568 [debug] [MainThread]: running dbt with arguments {'version_check': 'True', 'no_print': 'None', 'static_parser': 'True', 'target_path': 'None', 'warn_error_options': 'WarnErrorOptionsV2(error=[], warn=[], silence=[])', 'printer_width': '80', 'write_json': 'True', 'empty': 'None', 'log_cache_events': 'False', 'introspect': 'True', 'cache_selected_only': 'False', 'fail_fast': 'False', 'debug': 'False', 'log_format': 'default', 'partial_parse': 'True', 'send_anonymous_usage_stats': 'True', 'quiet': 'False', 'warn_error': 'None', 'profiles_dir': 'C:\\Users\\Usuario\\.dbt', 'invocation_command': 'dbt init --skip-profile-setup airbnb', 'use_colors': 'True', 'indirect_selection': 'eager', 'use_experimental_parser': 'False', 'log_path': 'logs'}
[0m12:35:44.650982 [info ] [MainThread]: Creating dbt configuration folder at C:\Users\Usuario\.dbt
[0m12:35:44.654922 [debug] [MainThread]: Starter project path: D:\_repos\dbt course\dbt-course\.venv\Lib\site-packages\dbt\include\starter_project
[0m12:35:44.672026 [info ] [MainThread]: 
Your new dbt project "airbnb" was created!

For more information on how to configure the profiles.yml file,
please consult the dbt documentation here:

  https://docs.getdbt.com/docs/configure-your-profile

One more thing:

Need help? Don't hesitate to reach out to us via GitHub issues or on Slack:

  https://community.getdbt.com/

Happy modeling!

[0m12:35:44.673447 [debug] [MainThread]: Command `dbt init` succeeded at 12:35:44.673339 after 0.26 seconds
[0m12:35:44.673726 [debug] [MainThread]: Sending event: {'category': 'dbt', 'action': 'invocation', 'label': 'end', 'context': [<snowplow_tracker.self_describing_json.SelfDescribingJson object at 0x000001D0E050C050>, <snowplow_tracker.self_describing_json.SelfDescribingJson object at 0x000001D0E03C9490>, <snowplow_tracker.self_describing_json.SelfDescribingJson object at 0x000001D0DF1D7240>]}
[0m12:35:44.674020 [debug] [MainThread]: Flushing usage events
[0m12:35:45.351503 [debug] [MainThread]: An error was encountered while trying to flush usage events
[0m14:03:45.275956 [debug] [MainThread]: Sending event: {'category': 'dbt', 'action': 'invocation', 'label': 'start', 'context': [<snowplow_tracker.self_describing_json.SelfDescribingJson object at 0x000002008C0478C0>, <snowplow_tracker.self_describing_json.SelfDescribingJson object at 0x000002008D4A7D90>, <snowplow_tracker.self_describing_json.SelfDescribingJson object at 0x000002008D4A79D0>]}


============================== 14:03:45.280995 | 7c5542e9-34df-490e-a459-3a0a243b71b2 ==============================
[0m14:03:45.280995 [info ] [MainThread]: Running with dbt=1.11.7
[0m14:03:45.281508 [debug] [MainThread]: running dbt with arguments {'static_parser': 'True', 'no_print': 'None', 'version_check': 'True', 'target_path': 'None', 'warn_error_options': 'WarnErrorOptionsV2(error=[], warn=[], silence=[])', 'printer_width': '80', 'write_json': 'True', 'empty': 'False', 'log_cache_events': 'False', 'introspect': 'True', 'cache_selected_only': 'False', 'log_format': 'default', 'debug': 'False', 'fail_fast': 'False', 'partial_parse': 'True', 'send_anonymous_usage_stats': 'True', 'quiet': 'False', 'warn_error': 'None', 'profiles_dir': 'C:\\Users\\Usuario\\.dbt', 'indirect_selection': 'eager', 'use_colors': 'True', 'invocation_command': 'dbt run', 'use_experimental_parser': 'False', 'log_path': 'logs'}
[0m14:03:45.281976 [error] [MainThread]: Encountered an error:
Runtime Error
  No dbt_project.yml found at expected path D:\_repos\dbt course\dbt-course\dbt_project.yml
  Verify that each entry within packages.yml (and their transitive dependencies) contains a file named dbt_project.yml
  
[0m14:03:45.283047 [debug] [MainThread]: Command `dbt run` failed at 14:03:45.282956 after 0.10 seconds
[0m14:03:45.283306 [debug] [MainThread]: Sending event: {'category': 'dbt', 'action': 'invocation', 'label': 'end', 'context': [<snowplow_tracker.self_describing_json.SelfDescribingJson object at 0x000002008D4BDBA0>, <snowplow_tracker.self_describing_json.SelfDescribingJson object at 0x000002008E4CCCB0>, <snowplow_tracker.self_describing_json.SelfDescribingJson object at 0x000002008D327350>]}
[0m14:03:45.283576 [debug] [MainThread]: Flushing usage events
[0m14:03:46.029405 [debug] [MainThread]: An error was encountered while trying to flush usage events
[0m12:32:25.326607 [debug] [MainThread]: Sending event: {'category': 'dbt', 'action': 'invocation', 'label': 'start', 'context': [<snowplow_tracker.self_describing_json.SelfDescribingJson object at 0x000002773C1C7770>, <snowplow_tracker.self_describing_json.SelfDescribingJson object at 0x000002773D623D90>, <snowplow_tracker.self_describing_json.SelfDescribingJson object at 0x000002773D6239D0>]}


============================== 12:32:25.331216 | 5b12e905-2de0-431f-a08a-ab560f42f0ad ==============================
[0m12:32:25.331216 [info ] [MainThread]: Running with dbt=1.11.7
[0m12:32:25.331699 [debug] [MainThread]: running dbt with arguments {'static_parser': 'True', 'no_print': 'None', 'version_check': 'True', 'warn_error_options': 'WarnErrorOptionsV2(error=[], warn=[], silence=[])', 'target_path': 'None', 'printer_width': '80', 'write_json': 'True', 'introspect': 'True', 'log_cache_events': 'False', 'empty': 'False', 'cache_selected_only': 'False', 'log_format': 'default', 'debug': 'False', 'fail_fast': 'False', 'profiles_dir': 'C:\\Users\\Usuario\\.dbt', 'send_anonymous_usage_stats': 'True', 'quiet': 'False', 'warn_error': 'None', 'partial_parse': 'True', 'indirect_selection': 'eager', 'invocation_command': 'dbt compile', 'use_colors': 'True', 'use_experimental_parser': 'False', 'log_path': 'logs'}
[0m12:32:25.332177 [error] [MainThread]: Encountered an error:
Runtime Error
  No dbt_project.yml found at expected path D:\_repos\dbt course\dbt-course\dbt_project.yml
  Verify that each entry within packages.yml (and their transitive dependencies) contains a file named dbt_project.yml
  
[0m12:32:25.333185 [debug] [MainThread]: Command `dbt compile` failed at 12:32:25.333093 after 0.10 seconds
[0m12:32:25.333434 [debug] [MainThread]: Sending event: {'category': 'dbt', 'action': 'invocation', 'label': 'end', 'context': [<snowplow_tracker.self_describing_json.SelfDescribingJson object at 0x000002773D641BA0>, <snowplow_tracker.self_describing_json.SelfDescribingJson object at 0x000002773E64CCB0>, <snowplow_tracker.self_describing_json.SelfDescribingJson object at 0x000002773D4A7460>]}
[0m12:32:25.333680 [debug] [MainThread]: Flushing usage events
[0m12:32:26.116778 [debug] [MainThread]: An error was encountered while trying to flush usage events
[0m14:40:20.721631 [debug] [MainThread]: Sending event: {'category': 'dbt', 'action': 'invocation', 'label': 'start', 'context': [<snowplow_tracker.self_describing_json.SelfDescribingJson object at 0x000001E6EB2278C0>, <snowplow_tracker.self_describing_json.SelfDescribingJson object at 0x000001E6EC67FD90>, <snowplow_tracker.self_describing_json.SelfDescribingJson object at 0x000001E6EC67F9D0>]}


============================== 14:40:20.727104 | f5483f0f-0ad8-4d02-b57b-fb9427bd634c ==============================
[0m14:40:20.727104 [info ] [MainThread]: Running with dbt=1.11.7
[0m14:40:20.727609 [debug] [MainThread]: running dbt with arguments {'version_check': 'True', 'no_print': 'None', 'static_parser': 'True', 'warn_error_options': 'WarnErrorOptionsV2(error=[], warn=[], silence=[])', 'target_path': 'None', 'printer_width': '80', 'write_json': 'True', 'empty': 'None', 'log_cache_events': 'False', 'introspect': 'True', 'cache_selected_only': 'False', 'log_format': 'default', 'debug': 'False', 'fail_fast': 'False', 'partial_parse': 'True', 'send_anonymous_usage_stats': 'True', 'quiet': 'False', 'warn_error': 'None', 'profiles_dir': 'C:\\Users\\Usuario\\.dbt', 'indirect_selection': 'eager', 'invocation_command': 'dbt debug', 'use_colors': 'True', 'use_experimental_parser': 'False', 'log_path': 'logs'}
[0m14:40:20.751340 [info ] [MainThread]: dbt version: 1.11.7
[0m14:40:20.751705 [info ] [MainThread]: python version: 3.13.5
[0m14:40:20.751970 [info ] [MainThread]: python path: D:\_repos\dbt course\dbt-course\.venv\Scripts\python.exe
[0m14:40:20.752213 [info ] [MainThread]: os info: Windows-10-10.0.19045-SP0
[0m14:40:20.752501 [info ] [MainThread]: Using profiles dir at C:\Users\Usuario\.dbt
[0m14:40:20.752744 [info ] [MainThread]: Using profiles.yml file at C:\Users\Usuario\.dbt\profiles.yml
[0m14:40:20.752975 [info ] [MainThread]: Using dbt_project.yml file at D:\_repos\dbt course\dbt-course\dbt_project.yml
[0m14:40:20.753275 [info ] [MainThread]: Configuration:
[0m14:40:20.753536 [info ] [MainThread]:   profiles.yml file [[31mERROR not found[0m]
[0m14:40:20.753828 [info ] [MainThread]:   dbt_project.yml file [[31mERROR not found[0m]
[0m14:40:20.754067 [info ] [MainThread]: Required dependencies:
[0m14:40:20.754312 [debug] [MainThread]: Executing "git --help"
[0m14:40:20.781490 [debug] [MainThread]: STDOUT: "b"usage: git [-v | --version] [-h | --help] [-C <path>] [-c <name>=<value>]\n           [--exec-path[=<path>]] [--html-path] [--man-path] [--info-path]\n           [-p | --paginate | -P | --no-pager] [--no-replace-objects] [--no-lazy-fetch]\n           [--no-optional-locks] [--no-advice] [--bare] [--git-dir=<path>]\n           [--work-tree=<path>] [--namespace=<name>] [--config-env=<name>=<envvar>]\n           <command> [<args>]\n\nThese are common Git commands used in various situations:\n\nstart a working area (see also: git help tutorial)\n   clone      Clone a repository into a new directory\n   init       Create an empty Git repository or reinitialize an existing one\n\nwork on the current change (see also: git help everyday)\n   add        Add file contents to the index\n   mv         Move or rename a file, a directory, or a symlink\n   restore    Restore working tree files\n   rm         Remove files from the working tree and from the index\n\nexamine the history and state (see also: git help revisions)\n   bisect     Use binary search to find the commit that introduced a bug\n   diff       Show changes between commits, commit and working tree, etc\n   grep       Print lines matching a pattern\n   log        Show commit logs\n   show       Show various types of objects\n   status     Show the working tree status\n\ngrow, mark and tweak your common history\n   backfill   Download missing objects in a partial clone\n   branch     List, create, or delete branches\n   commit     Record changes to the repository\n   merge      Join two or more development histories together\n   rebase     Reapply commits on top of another base tip\n   reset      Reset current HEAD to the specified state\n   switch     Switch branches\n   tag        Create, list, delete or verify a tag object signed with GPG\n\ncollaborate (see also: git help workflows)\n   fetch      Download objects and refs from another repository\n   pull       Fetch from and integrate with another repository or a local branch\n   push       Update remote refs along with associated objects\n\n'git help -a' and 'git help -g' list available subcommands and some\nconcept guides. See 'git help <command>' or 'git help <concept>'\nto read about a specific subcommand or concept.\nSee 'git help git' for an overview of the system.\n""
[0m14:40:20.781911 [debug] [MainThread]: STDERR: "b''"
[0m14:40:20.782179 [info ] [MainThread]:  - git [[32mOK found[0m]

[0m14:40:20.782468 [info ] [MainThread]: Connection test skipped since no profile was found
[0m14:40:20.782789 [info ] [MainThread]: [31m2 checks failed:[0m
[0m14:40:20.783081 [info ] [MainThread]: dbt looked for a profiles.yml file in C:\Users\Usuario\.dbt\profiles.yml, but did
not find one. For more information on configuring your profile, consult the
documentation:

https://docs.getdbt.com/docs/configure-your-profile


[0m14:40:20.783331 [info ] [MainThread]: Project loading failed for the following reason:
 project path <D:\_repos\dbt course\dbt-course\dbt_project.yml> not found

[0m14:40:20.784354 [debug] [MainThread]: Command `dbt debug` failed at 14:40:20.784264 after 0.16 seconds
[0m14:40:20.784634 [debug] [MainThread]: Sending event: {'category': 'dbt', 'action': 'invocation', 'label': 'end', 'context': [<snowplow_tracker.self_describing_json.SelfDescribingJson object at 0x000001E6EC696EA0>, <snowplow_tracker.self_describing_json.SelfDescribingJson object at 0x000001E6ED6A8B90>, <snowplow_tracker.self_describing_json.SelfDescribingJson object at 0x000001E6EC5078A0>]}
[0m14:40:20.784925 [debug] [MainThread]: Flushing usage events
[0m14:40:21.571046 [debug] [MainThread]: An error was encountered while trying to flush usage events
